\BOOKMARK [0][-]{chapter*.2}{\376\377\004\037\004\076\004\073\004\075\004\060\004\117\000\040\004\102\004\065\004\105\004\075\004\070\004\107\004\065\004\101\004\072\004\060\004\117\000\040\004\064\004\076\004\072\004\103\004\074\004\065\004\075\004\102\004\060\004\106\004\070\004\117\000\040\004\077\004\100\004\076\004\065\004\072\004\102\004\060\000\040\000I\000o\000T\000\040\000\050\000E\000S\000P\0008\0002\0006\0006\000\040\000+\000\040\000F\000i\000r\000e\000b\000a\000s\000e\000\040\000+\000\040\000R\000e\000a\000c\000t\000\051}{}% 1
\BOOKMARK [0][-]{chapter*.3}{\376\377\004\041\004\076\004\064\004\065\004\100\004\066\004\060\004\075\004\070\004\065}{}% 2
\BOOKMARK [1][-]{section.0.1}{\376\377\004\035\004\060\004\067\004\075\004\060\004\107\004\065\004\075\004\070\004\065\000\040\004\101\004\070\004\101\004\102\004\065\004\074\004\113}{chapter*.3}% 3
\BOOKMARK [2][-]{subsection.0.1.1}{\376\377\004\044\004\103\004\075\004\072\004\106\004\070\004\076\004\075\004\060\004\073\004\114\004\075\004\113\004\065\000\040\004\063\004\100\004\060\004\075\004\070\004\106\004\113\000\040\004\100\004\065\004\110\004\065\004\075\004\070\004\117}{section.0.1}% 4
\BOOKMARK [2][-]{subsection.0.1.2}{\376\377\004\032\004\100\004\070\004\102\004\065\004\100\004\070\004\070\000\040\004\072\004\060\004\107\004\065\004\101\004\102\004\062\004\060\000\040\004\076\004\102\004\107\004\121\004\102\004\075\004\076\004\071\000\040\004\101\004\070\004\101\004\102\004\065\004\074\004\113}{section.0.1}% 5
\BOOKMARK [1][-]{section.0.2}{\376\377\004\041\004\076\004\101\004\102\004\060\004\062\000\040\004\100\004\065\004\077\004\076\004\067\004\070\004\102\004\076\004\100\004\070\004\117}{chapter*.3}% 6
\BOOKMARK [2][-]{subsection.0.2.1}{\376\377\004\033\004\076\004\063\004\070\004\107\004\065\004\101\004\072\004\060\004\117\000\040\004\064\004\065\004\072\004\076\004\074\004\077\004\076\004\067\004\070\004\106\004\070\004\117\000\040\004\077\004\100\004\076\004\065\004\072\004\102\004\060}{section.0.2}% 7
\BOOKMARK [2][-]{subsection.0.2.2}{\376\377\004\037\004\100\004\070\004\075\004\106\004\070\004\077\000\040\004\100\004\060\004\067\004\064\004\065\004\073\004\065\004\075\004\070\004\117\000\040\004\076\004\102\004\062\004\065\004\102\004\101\004\102\004\062\004\065\004\075\004\075\004\076\004\101\004\102\004\070}{section.0.2}% 8
\BOOKMARK [1][-]{section.0.3}{\376\377\004\020\004\100\004\105\004\070\004\102\004\065\004\072\004\102\004\103\004\100\004\060\000\040\004\075\004\060\000\040\004\103\004\100\004\076\004\062\004\075\004\065\000\040\004\077\004\076\004\064\004\101\004\070\004\101\004\102\004\065\004\074}{chapter*.3}% 9
\BOOKMARK [2][-]{subsection.0.3.1}{\376\377\004\037\004\076\004\102\004\076\004\072\000\040\004\064\004\060\004\075\004\075\004\113\004\105\000\040\004\070\000\040\004\103\004\077\004\100\004\060\004\062\004\073\004\117\004\116\004\111\004\070\004\071\000\040\004\077\004\076\004\102\004\076\004\072}{section.0.3}% 10
\BOOKMARK [1][-]{section.0.4}{\376\377\004\037\004\100\004\076\004\110\004\070\004\062\004\072\004\060\000\040\004\074\004\070\004\072\004\100\004\076\004\072\004\076\004\075\004\102\004\100\004\076\004\073\004\073\004\065\004\100\004\060\000\040\000\050\000c\000o\000u\000r\000s\000e\000\137\000w\000o\000r\000k\000\051}{chapter*.3}% 11
\BOOKMARK [2][-]{subsection.0.4.1}{\376\377\004\037\004\073\004\060\004\102\004\104\004\076\004\100\004\074\004\060\000\040\004\070\000\040\004\067\004\060\004\062\004\070\004\101\004\070\004\074\004\076\004\101\004\102\004\070}{section.0.4}% 12
\BOOKMARK [2][-]{subsection.0.4.2}{\376\377\004\034\004\076\004\064\004\103\004\073\004\114\004\075\004\060\004\117\000\040\004\101\004\102\004\100\004\103\004\072\004\102\004\103\004\100\004\060\000\040\004\077\004\100\004\076\004\110\004\070\004\062\004\072\004\070}{section.0.4}% 13
\BOOKMARK [2][-]{subsection.0.4.3}{\376\377\004\040\004\076\004\073\004\070\000\040\004\074\004\076\004\064\004\103\004\073\004\065\004\071}{section.0.4}% 14
\BOOKMARK [2][-]{subsection.0.4.4}{\376\377\004\032\004\076\004\075\004\101\004\102\004\060\004\075\004\102\004\113\000\040\004\070\000\040\004\070\004\075\004\102\004\065\004\100\004\062\004\060\004\073\004\113\000\040\000\050\000a\000p\000p\000\137\000c\000o\000n\000f\000i\000g\000\051}{section.0.4}% 15
\BOOKMARK [2][-]{subsection.0.4.5}{\376\377\004\030\004\075\004\070\004\106\004\070\004\060\004\073\004\070\004\067\004\060\004\106\004\070\004\117\000\040\000\050\000s\000e\000t\000u\000p\000\050\000\051\000\051}{section.0.4}% 16
\BOOKMARK [2][-]{subsection.0.4.6}{\376\377\004\037\004\100\004\070\004\107\004\070\004\075\004\113\000\040\004\062\004\113\004\061\004\100\004\060\004\075\004\075\004\076\004\063\004\076\000\040\004\077\004\076\004\100\004\117\004\064\004\072\004\060\000\040\004\101\004\102\004\060\004\100\004\102\004\060}{section.0.4}% 17
\BOOKMARK [2][-]{subsection.0.4.7}{\376\377\004\036\004\101\004\075\004\076\004\062\004\075\004\076\004\071\000\040\004\106\004\070\004\072\004\073\000\040\000\050\000l\000o\000o\000p\000\050\000\051\000\051}{section.0.4}% 18
\BOOKMARK [2][-]{subsection.0.4.8}{\376\377\004\033\004\076\004\063\004\070\004\072\004\060\000\040\004\060\004\072\004\102\004\070\004\062\004\075\004\076\004\101\004\102\004\070\000\040\004\077\004\076\004\073\004\114\004\067\004\076\004\062\004\060\004\102\004\065\004\073\004\117\000\040\000\050\000/\000c\000u\000r\000r\000e\000n\000t\000\051}{section.0.4}% 19
\BOOKMARK [2][-]{subsection.0.4.9}{\376\377\004\033\004\076\004\063\004\070\004\072\004\060\000\040\004\067\004\060\004\077\004\070\004\101\004\070\000\040\004\070\004\101\004\102\004\076\004\100\004\070\004\070\000\040\000\050\000/\000h\000i\000s\000t\000o\000r\000y\000\051}{section.0.4}% 20
\BOOKMARK [2][-]{subsection.0.4.10}{\376\377\004\027\004\060\004\111\004\070\004\102\004\060\000\040\004\076\004\102\000\040\004\075\004\065\004\062\004\060\004\073\004\070\004\064\004\075\004\113\004\105\000\040\004\064\004\060\004\102\004\107\004\070\004\072\004\076\004\062}{section.0.4}% 21
\BOOKMARK [2][-]{subsection.0.4.11}{\376\377\004\036\004\102\004\076\004\061\004\100\004\060\004\066\004\065\004\075\004\070\004\065\000\040\004\075\004\060\000\040\000O\000L\000E\000D\000\040\000\050\000d\000i\000s\000p\000l\000a\000y\000\137\000s\000e\000r\000v\000i\000c\000e\000\051}{section.0.4}% 22
\BOOKMARK [2][-]{subsection.0.4.12}{\376\377\004\022\004\113\004\062\004\076\004\064\000\040\004\077\004\076\000\040\004\077\004\100\004\076\004\110\004\070\004\062\004\072\004\065}{section.0.4}% 23
\BOOKMARK [1][-]{section.0.5}{\376\377\004\036\004\061\004\073\004\060\004\107\004\075\004\113\004\071\000\040\004\101\004\073\004\076\004\071\000\040\000\050\000F\000i\000r\000e\000b\000a\000s\000e\000\040\000R\000e\000a\000l\000t\000i\000m\000e\000\040\000D\000a\000t\000a\000b\000a\000s\000e\000\051}{chapter*.3}% 24
\BOOKMARK [2][-]{subsection.0.5.1}{\376\377\004\041\004\102\004\100\004\103\004\072\004\102\004\103\004\100\004\060\000\040\004\064\004\060\004\075\004\075\004\113\004\105}{section.0.5}% 25
\BOOKMARK [2][-]{subsection.0.5.2}{\376\377\004\035\004\060\004\067\004\075\004\060\004\107\004\065\004\075\004\070\004\065\000\040\004\062\004\065\004\102\004\076\004\072\000\040\004\062\000\040\000R\000T\000D\000B}{section.0.5}% 26
\BOOKMARK [2][-]{subsection.0.5.3}{\376\377\004\032\004\076\004\075\004\102\004\100\004\060\004\072\004\102\000\040\004\064\004\060\004\075\004\075\004\113\004\105}{section.0.5}% 27
\BOOKMARK [2][-]{subsection.0.5.4}{\376\377\004\037\004\100\004\065\004\070\004\074\004\103\004\111\004\065\004\101\004\102\004\062\004\060\000\040\004\062\004\113\004\061\004\100\004\060\004\075\004\075\004\076\004\071\000\040\004\074\004\076\004\064\004\065\004\073\004\070\000\040\004\105\004\100\004\060\004\075\004\065\004\075\004\070\004\117}{section.0.5}% 28
\BOOKMARK [1][-]{section.0.6}{\376\377\000F\000r\000o\000n\000t\000e\000n\000d\000\040\000\050\000i\000o\000t\000-\000d\000a\000s\000h\000b\000o\000a\000r\000d\000\051}{chapter*.3}% 29
\BOOKMARK [2][-]{subsection.0.6.1}{\376\377\004\041\004\102\004\065\004\072}{section.0.6}% 30
\BOOKMARK [2][-]{subsection.0.6.2}{\376\377\004\020\004\100\004\105\004\070\004\102\004\065\004\072\004\102\004\103\004\100\004\075\004\113\004\071\000\040\004\077\004\100\004\070\004\075\004\106\004\070\004\077\000\040\000f\000r\000o\000n\000t\000e\000n\000d}{section.0.6}% 31
\BOOKMARK [2][-]{subsection.0.6.3}{\376\377\004\037\004\076\004\102\004\076\004\072\000\040\000\253\004\066\004\070\004\062\004\113\004\105\000\273\000\040\004\064\004\060\004\075\004\075\004\113\004\105\000\040\000\050\000u\000s\000e\000C\000u\000r\000r\000e\000n\000t\000D\000a\000t\000a\000\051}{section.0.6}% 32
\BOOKMARK [2][-]{subsection.0.6.4}{\376\377\004\037\004\076\004\102\004\076\004\072\000\040\004\070\004\101\004\102\004\076\004\100\004\070\004\107\004\065\004\101\004\072\004\070\004\105\000\040\004\064\004\060\004\075\004\075\004\113\004\105\000\040\000\050\000u\000s\000e\000H\000i\000s\000t\000o\000r\000y\000D\000a\000t\000a\000\051}{section.0.6}% 33
\BOOKMARK [2][-]{subsection.0.6.5}{\376\377\000U\000I\000-\004\103\004\100\004\076\004\062\004\065\004\075\004\114}{section.0.6}% 34
\BOOKMARK [2][-]{subsection.0.6.6}{\376\377\004\036\004\061\004\100\004\060\004\061\004\076\004\102\004\072\004\060\000\040\004\076\004\110\004\070\004\061\004\076\004\072\000\040\004\070\000\040\004\103\004\101\004\102\004\076\004\071\004\107\004\070\004\062\004\076\004\101\004\102\004\114\000\040\000U\000I}{section.0.6}% 35
\BOOKMARK [2][-]{subsection.0.6.7}{\376\377\004\022\004\113\004\062\004\076\004\064\000\040\004\077\004\076\000\040\004\076\004\061\004\073\004\060\004\107\004\075\004\076\004\074\004\103\000\040\004\070\000\040\004\072\004\073\004\070\004\065\004\075\004\102\004\101\004\072\004\076\004\074\004\103\000\040\004\103\004\100\004\076\004\062\004\075\004\117\004\074}{section.0.6}% 36
\BOOKMARK [1][-]{section.0.7}{\376\377\004\041\004\072\004\062\004\076\004\067\004\075\004\113\004\065\000\040\004\101\004\106\004\065\004\075\004\060\004\100\004\070\004\070\000\040\004\062\004\067\004\060\004\070\004\074\004\076\004\064\004\065\004\071\004\101\004\102\004\062\004\070\004\117}{chapter*.3}% 37
\BOOKMARK [2][-]{subsection.0.7.1}{\376\377\004\037\004\103\004\061\004\073\004\070\004\072\004\060\004\106\004\070\004\117\000\040\004\102\004\065\004\072\004\103\004\111\004\070\004\105\000\040\004\064\004\060\004\075\004\075\004\113\004\105\000\040\004\077\004\100\004\070\000\040\004\060\004\072\004\102\004\070\004\062\004\075\004\076\004\074\000\040\004\077\004\076\004\073\004\114\004\067\004\076\004\062\004\060\004\102\004\065\004\073\004\065}{section.0.7}% 38
\BOOKMARK [2][-]{subsection.0.7.2}{\376\377\004\037\004\076\004\107\004\060\004\101\004\076\004\062\004\060\004\117\000\040\004\067\004\060\004\077\004\070\004\101\004\114\000\040\004\070\004\101\004\102\004\076\004\100\004\070\004\070}{section.0.7}% 39
\BOOKMARK [1][-]{section.0.8}{\376\377\004\034\004\060\004\110\004\070\004\075\004\060\000\040\004\101\004\076\004\101\004\102\004\076\004\117\004\075\004\070\004\071\000\040\004\077\004\100\004\076\004\110\004\070\004\062\004\072\004\070\000\040\000\050\004\103\004\077\004\100\004\076\004\111\004\121\004\075\004\075\004\076\000\051}{chapter*.3}% 40
\BOOKMARK [2][-]{subsection.0.8.1}{\376\377\004\037\004\076\004\117\004\101\004\075\004\065\004\075\004\070\004\065\000\040\004\077\004\076\000\040\004\101\004\076\004\101\004\102\004\076\004\117\004\075\004\070\004\117\004\074}{section.0.8}% 41
\BOOKMARK [1][-]{section.0.9}{\376\377\004\022\004\060\004\066\004\075\004\113\004\065\000\040\004\070\004\075\004\066\004\065\004\075\004\065\004\100\004\075\004\113\004\065\000\040\004\076\004\101\004\076\004\061\004\065\004\075\004\075\004\076\004\101\004\102\004\070}{chapter*.3}% 42
\BOOKMARK [1][-]{section.0.10}{\376\377\004\036\004\063\004\100\004\060\004\075\004\070\004\107\004\065\004\075\004\070\004\117\000\040\004\102\004\065\004\072\004\103\004\111\004\065\004\071\000\040\004\100\004\065\004\060\004\073\004\070\004\067\004\060\004\106\004\070\004\070}{chapter*.3}% 43
\BOOKMARK [1][-]{section.0.11}{\376\377\004\040\004\065\004\072\004\076\004\074\004\065\004\075\004\064\004\060\004\106\004\070\004\070\000\040\004\077\004\076\000\040\004\100\004\060\004\067\004\062\004\070\004\102\004\070\004\116}{chapter*.3}% 44
\BOOKMARK [1][-]{section.0.12}{\376\377\004\032\004\060\004\100\004\102\004\060\000\040\004\101\004\076\004\076\004\102\004\062\004\065\004\102\004\101\004\102\004\062\004\070\004\117\000\040\000\253\004\077\004\060\004\077\004\072\004\060\000\040\041\222\000\040\004\076\004\102\004\062\004\065\004\102\004\101\004\102\004\062\004\065\004\075\004\075\004\076\004\101\004\102\004\114\000\273}{chapter*.3}% 45
\BOOKMARK [1][-]{section.0.13}{\376\377\004\030\004\102\004\076\004\063\004\076\004\062\004\076\004\065\000\040\004\067\004\060\004\072\004\073\004\116\004\107\004\065\004\075\004\070\004\065}{chapter*.3}% 46
